2026-07-05 11:58:16 | WARNING | data.collector:_stream_agg_trades:180 | Failed to create aggTrades client | {'symbol': 'CAPUSDT', 'error': ''}
2026-07-05 11:58:35 | WARNING | data.collector:_stream_agg_trades:180 | Failed to create aggTrades client | {'symbol': 'CAPUSDT', 'error': ''}
2026-07-05 11:58:59 | WARNING | data.collector:_stream_agg_trades:180 | Failed to create aggTrades client | {'symbol': 'CAPUSDT', 'error': ''}
2026-07-05 12:00:18 | WARNING | data.collector:_update:77 | Failed to update candles for %s | {}
2026-07-05 12:00:22 | WARNING | data.collector:_stream_agg_trades:180 | Failed to create aggTrades client | {'symbol': 'CAPUSDT', 'error': ''}
2026-07-05 12:00:29 | WARNING | data.collector:_update:77 | Failed to update candles for %s | {}
2026-07-05 12:00:38 | WARNING | data.collector:_stream_agg_trades:180 | Failed to create aggTrades client | {'symbol': 'CAPUSDT', 'error': ''}
2026-07-05 12:00:43 | WARNING | data.collector:_update:77 | Failed to update candles for %s | {}
2026-07-05 12:15:15 | WARNING | data.collector:_update:77 | Failed to update candles for %s | {}
2026-07-05 12:15:36 | WARNING | data.collector:_update:77 | Failed to update candles for %s | {}
2026-07-05 14:23:36 | WARNING | data.collector:_stream_agg_trades:180 | Failed to create aggTrades client | {'symbol': 'BTWUSDT', 'error': 'Cannot connect to host api.binance.com:443 ssl:default [Connection reset by peer]'}
2026-07-05 18:40:40 | WARNING | trading.bybit_client:cancel_order:205 | bybit cancel_order unexpected response | {'symbol': 'OUSDT', 'order_id': '2be928a9-0ceb-42d9-86db-717e5c2f0e59', 'resp': {'retCode': 110001, 'retMsg': 'order not exists or too late to cancel', 'result': {}, 'retExtInfo': {}, 'time': 1783276840129}}
2026-07-05 19:23:05 | WARNING | data.collector:_update:77 | Failed to update candles for %s | {}
2026-07-05 19:23:28 | WARNING | data.collector:_update:77 | Failed to update candles for %s | {}
2026-07-05 19:23:48 | WARNING | data.collector:_update:77 | Failed to update candles for %s | {}
2026-07-05 19:23:59 | WARNING | data.collector:_update:77 | Failed to update candles for %s | {}
2026-07-05 19:26:18 | WARNING | data.collector:_update:77 | Failed to update candles for %s | {}
2026-07-05 19:27:18 | WARNING | data.collector:_update:77 | Failed to update candles for %s | {}
2026-07-05 19:38:19 | WARNING | data.collector:_update:77 | Failed to update candles for %s | {}
2026-07-05 19:38:31 | WARNING | data.collector:_update:77 | Failed to update candles for %s | {}
2026-07-05 19:38:47 | WARNING | data.collector:_update:77 | Failed to update candles for %s | {}
2026-07-05 19:39:00 | WARNING | data.collector:_update:77 | Failed to update candles for %s | {}
2026-07-05 20:29:58 | WARNING | trading.bybit_client:cancel_order:205 | bybit cancel_order unexpected response | {'symbol': 'CAPUSDT', 'order_id': '27175187-8602-4f79-8c04-c2a5a4384b25', 'resp': {'retCode': 110001, 'retMsg': 'order not exists or too late to cancel', 'result': {}, 'retExtInfo': {}, 'time': 1783283398842}}
2026-07-05 20:32:15 | WARNING | trading.bybit_client:cancel_order:205 | bybit cancel_order unexpected response | {'symbol': 'HMSTRUSDT', 'order_id': 'ff91c553-92b1-47ff-a2a5-7490a4e3dd1c', 'resp': {'retCode': 110001, 'retMsg': 'order not exists or too late to cancel', 'result': {}, 'retExtInfo': {}, 'time': 1783283535904}}
2026-07-05 20:36:15 | WARNING | data.collector:_stream_agg_trades:180 | Failed to create aggTrades client | {'symbol': 'HMSTRUSDT', 'error': 'Cannot connect to host api.binance.com:443 ssl:default [Connection reset by peer]'}
2026-07-05 21:34:48 | WARNING | trading.bybit_client:cancel_order:205 | bybit cancel_order unexpected response | {'symbol': 'CAPUSDT', 'order_id': '3976f000-1e06-43ca-a318-e1eea292287e', 'resp': {'retCode': 110001, 'retMsg': 'order not exists or too late to cancel', 'result': {}, 'retExtInfo': {}, 'time': 1783287288625}}
2026-07-05 22:42:12 | ERROR | trading.strategy2_live:_open_grid:635 | S2Live: qty=0 for grid order | {'symbol': 'LABUSDT', 'price': 16.16512257}
2026-07-05 22:42:12 | ERROR | trading.strategy2_live:_open_grid:635 | S2Live: qty=0 for grid order | {'symbol': 'LABUSDT', 'price': 16.14327733}
2026-07-05 22:42:12 | ERROR | trading.strategy2_live:_open_grid:635 | S2Live: qty=0 for grid order | {'symbol': 'LABUSDT', 'price': 16.1214321}
2026-07-05 22:42:12 | ERROR | trading.strategy2_live:_open_grid:635 | S2Live: qty=0 for grid order | {'symbol': 'LABUSDT', 'price': 16.09958686}
2026-07-05 22:46:12 | WARNING | trading.bybit_client:cancel_order:205 | bybit cancel_order unexpected response | {'symbol': 'VELVETUSDT', 'order_id': 'f789cd4b-37c4-4a72-81f8-1bf8c6bd14af', 'resp': {'retCode': 110001, 'retMsg': 'order not exists or too late to cancel', 'result': {}, 'retExtInfo': {}, 'time': 1783291572112}}
2026-07-05 22:54:03 | WARNING | trading.bybit_client:cancel_order:205 | bybit cancel_order unexpected response | {'symbol': 'LABUSDT', 'order_id': '66a97fff-1ac2-455c-b582-b0b490054287', 'resp': {'retCode': 110001, 'retMsg': 'order not exists or too late to cancel', 'result': {}, 'retExtInfo': {}, 'time': 1783292043552}}
2026-07-05 23:40:21 | ERROR | trading.strategy2_live:_open_grid:635 | S2Live: qty=0 for grid order | {'symbol': 'LABUSDT', 'price': 16.20190829}
2026-07-05 23:40:21 | ERROR | trading.strategy2_live:_open_grid:635 | S2Live: qty=0 for grid order | {'symbol': 'LABUSDT', 'price': 16.186194}
2026-07-05 23:40:21 | ERROR | trading.strategy2_live:_open_grid:635 | S2Live: qty=0 for grid order | {'symbol': 'LABUSDT', 'price': 16.17047971}
2026-07-05 23:40:21 | ERROR | trading.strategy2_live:_open_grid:635 | S2Live: qty=0 for grid order | {'symbol': 'LABUSDT', 'price': 16.15476543}
2026-07-06 00:18:07 | ERROR | trading.strategy2_live:_open_grid:635 | S2Live: qty=0 for grid order | {'symbol': 'LABUSDT', 'price': 16.14952733}
2026-07-06 00:18:07 | ERROR | trading.strategy2_live:_open_grid:635 | S2Live: qty=0 for grid order | {'symbol': 'LABUSDT', 'price': 16.12508289}
2026-07-06 00:18:07 | ERROR | trading.strategy2_live:_open_grid:635 | S2Live: qty=0 for grid order | {'symbol': 'LABUSDT', 'price': 16.10063844}
2026-07-06 00:18:07 | ERROR | trading.strategy2_live:_open_grid:635 | S2Live: qty=0 for grid order | {'symbol': 'LABUSDT', 'price': 16.076194}
2026-07-06 00:29:23 | WARNING | trading.bybit_client:cancel_order:205 | bybit cancel_order unexpected response | {'symbol': 'LABUSDT', 'order_id': 'd36f5b5f-f1bc-41a5-98e5-f60b02941ea9', 'resp': {'retCode': 110001, 'retMsg': 'order not exists or too late to cancel', 'result': {}, 'retExtInfo': {}, 'time': 1783297763324}}
2026-07-06 01:42:02 | ERROR | trading.strategy2_live:_open_grid:659 | S2Live: failed to place limit order | {'symbol': 'VELVETUSDT', 'index': 9, 'price': 0.47693, 'error': 'place_limit_order failed: retCode=110094 retMsg=Order does not meet minimum order value 5USDT symbol=VELVETUSDT price=0.47693 qty=10.0'}
2026-07-06 01:42:02 | ERROR | trading.strategy2_live:_open_grid:659 | S2Live: failed to place limit order | {'symbol': 'VELVETUSDT', 'index': 10, 'price': 0.47613, 'error': 'place_limit_order failed: retCode=110094 retMsg=Order does not meet minimum order value 5USDT symbol=VELVETUSDT price=0.47613 qty=10.0'}
2026-07-06 02:02:26 | WARNING | data.collector:_stream_agg_trades:180 | Failed to create aggTrades client | {'symbol': 'TLMUSDT', 'error': 'Cannot connect to host api.binance.com:443 ssl:default [Connection reset by peer]'}
2026-07-06 02:23:06 | ERROR | trading.strategy2_live:_open_grid:659 | S2Live: failed to place limit order | {'symbol': 'VELVETUSDT', 'index': 9, 'price': 0.47816, 'error': 'place_limit_order failed: retCode=110094 retMsg=Order does not meet minimum order value 5USDT symbol=VELVETUSDT price=0.47816 qty=10.0'}
2026-07-06 02:23:07 | ERROR | trading.strategy2_live:_open_grid:659 | S2Live: failed to place limit order | {'symbol': 'VELVETUSDT', 'index': 10, 'price': 0.47751, 'error': 'place_limit_order failed: retCode=110094 retMsg=Order does not meet minimum order value 5USDT symbol=VELVETUSDT price=0.47751 qty=10.0'}
2026-07-06 03:52:28 | ERROR | trading.strategy2_live:_open_grid:659 | S2Live: failed to place limit order | {'symbol': 'VELVETUSDT', 'index': 9, 'price': 0.47981, 'error': 'place_limit_order failed: retCode=110094 retMsg=Order does not meet minimum order value 5USDT symbol=VELVETUSDT price=0.47981 qty=10.0'}
2026-07-06 03:52:28 | ERROR | trading.strategy2_live:_open_grid:659 | S2Live: failed to place limit order | {'symbol': 'VELVETUSDT', 'index': 10, 'price': 0.47937, 'error': 'place_limit_order failed: retCode=110094 retMsg=Order does not meet minimum order value 5USDT symbol=VELVETUSDT price=0.47937 qty=10.0'}
2026-07-06 05:42:57 | WARNING | trading.bybit_client:cancel_order:205 | bybit cancel_order unexpected response | {'symbol': 'HMSTRUSDT', 'order_id': '37633acc-89c1-4f49-9f67-451f7812501b', 'resp': {'retCode': 110001, 'retMsg': 'order not exists or too late to cancel', 'result': {}, 'retExtInfo': {}, 'time': 1783316577914}}
2026-07-06 06:16:39 | WARNING | trading.bybit_client:cancel_order:205 | bybit cancel_order unexpected response | {'symbol': '4USDT', 'order_id': 'ea639d44-bc05-4011-a7e9-34d3b10721a7', 'resp': {'retCode': 110001, 'retMsg': 'order not exists or too late to cancel', 'result': {}, 'retExtInfo': {}, 'time': 1783318599805}}
